Archive member included to satisfy reference by file (symbol)

/usr/lib/x86_64-linux-gnu/libc_nonshared.a(elf-init.oS)
                              /usr/lib/gcc/x86_64-linux-gnu/9/../../../x86_64-linux-gnu/Scrt1.o (__libc_csu_init)

Merging program properties


As-needed library included to satisfy reference by file (symbol)

libSDL2-2.0.so.0              build/starfighter/host-debug/host/frame_buffer.o (SDL_Init)
libc.so.6                     build/starfighter/host-debug/host/frame_buffer.o (exit@@GLIBC_2.2.5)

Discarded input sections

 .rodata.cst4   0x0000000000000000        0x4 /usr/lib/gcc/x86_64-linux-gnu/9/../../../x86_64-linux-gnu/Scrt1.o
 .data          0x0000000000000000        0x4 /usr/lib/gcc/x86_64-linux-gnu/9/../../../x86_64-linux-gnu/Scrt1.o
 .bss           0x0000000000000000        0x0 /usr/lib/gcc/x86_64-linux-gnu/9/../../../x86_64-linux-gnu/Scrt1.o
 .note.GNU-stack
                0x0000000000000000        0x0 /usr/lib/gcc/x86_64-linux-gnu/9/../../../x86_64-linux-gnu/Scrt1.o
 .text          0x0000000000000000        0x0 /usr/lib/gcc/x86_64-linux-gnu/9/../../../x86_64-linux-gnu/crti.o
 .data          0x0000000000000000        0x0 /usr/lib/gcc/x86_64-linux-gnu/9/../../../x86_64-linux-gnu/crti.o
 .bss           0x0000000000000000        0x0 /usr/lib/gcc/x86_64-linux-gnu/9/../../../x86_64-linux-gnu/crti.o
 .note.gnu.property
                0x0000000000000000       0x20 /usr/lib/gcc/x86_64-linux-gnu/9/../../../x86_64-linux-gnu/crti.o
 .note.GNU-stack
                0x0000000000000000        0x0 /usr/lib/gcc/x86_64-linux-gnu/9/../../../x86_64-linux-gnu/crti.o
 .data          0x0000000000000000        0x0 /usr/lib/gcc/x86_64-linux-gnu/9/crtbeginS.o
 .note.GNU-stack
                0x0000000000000000        0x0 /usr/lib/gcc/x86_64-linux-gnu/9/crtbeginS.o
 .note.gnu.property
                0x0000000000000000       0x20 /usr/lib/gcc/x86_64-linux-gnu/9/crtbeginS.o
 .group         0x0000000000000000        0xc build/starfighter/host-debug/host/frame_buffer.o
 .group         0x0000000000000000        0xc build/starfighter/host-debug/host/frame_buffer.o
 .group         0x0000000000000000        0xc build/starfighter/host-debug/host/frame_buffer.o
 .group         0x0000000000000000        0xc build/starfighter/host-debug/host/frame_buffer.o
 .group         0x0000000000000000        0xc build/starfighter/host-debug/host/frame_buffer.o
 .group         0x0000000000000000        0xc build/starfighter/host-debug/host/frame_buffer.o
 .group         0x0000000000000000        0xc build/starfighter/host-debug/host/frame_buffer.o
 .group         0x0000000000000000        0xc build/starfighter/host-debug/host/frame_buffer.o
 .group         0x0000000000000000        0xc build/starfighter/host-debug/host/frame_buffer.o
 .group         0x0000000000000000        0xc build/starfighter/host-debug/host/frame_buffer.o
 .group         0x0000000000000000        0xc build/starfighter/host-debug/host/frame_buffer.o
 .group         0x0000000000000000        0xc build/starfighter/host-debug/host/frame_buffer.o
 .group         0x0000000000000000        0xc build/starfighter/host-debug/host/frame_buffer.o
 .group         0x0000000000000000        0xc build/starfighter/host-debug/host/frame_buffer.o
 .group         0x0000000000000000        0xc build/starfighter/host-debug/host/frame_buffer.o
 .group         0x0000000000000000        0xc build/starfighter/host-debug/host/frame_buffer.o
 .group         0x0000000000000000        0xc build/starfighter/host-debug/host/frame_buffer.o
 .group         0x0000000000000000        0xc build/starfighter/host-debug/host/frame_buffer.o
 .group         0x0000000000000000        0xc build/starfighter/host-debug/host/frame_buffer.o
 .group         0x0000000000000000        0xc build/starfighter/host-debug/host/frame_buffer.o
 .group         0x0000000000000000        0xc build/starfighter/host-debug/host/frame_buffer.o
 .group         0x0000000000000000        0xc build/starfighter/host-debug/host/frame_buffer.o
 .group         0x0000000000000000        0xc build/starfighter/host-debug/host/frame_buffer.o
 .group         0x0000000000000000        0xc build/starfighter/host-debug/host/frame_buffer.o
 .group         0x0000000000000000        0xc build/starfighter/host-debug/host/frame_buffer.o
 .group         0x0000000000000000        0xc build/starfighter/host-debug/host/frame_buffer.o
 .group         0x0000000000000000        0xc build/starfighter/host-debug/host/frame_buffer.o
 .group         0x0000000000000000        0xc build/starfighter/host-debug/host/frame_buffer.o
 .group         0x0000000000000000        0xc build/starfighter/host-debug/host/frame_buffer.o
 .group         0x0000000000000000        0xc build/starfighter/host-debug/host/frame_buffer.o
 .group         0x0000000000000000        0xc build/starfighter/host-debug/host/frame_buffer.o
 .group         0x0000000000000000        0xc build/starfighter/host-debug/host/frame_buffer.o
[...]
Memory Configuration

Name             Origin             Length             Attributes
*default*        0x0000000000000000 0xffffffffffffffff

Linker script and memory map

LOAD /usr/lib/gcc/x86_64-linux-gnu/9/../../../x86_64-linux-gnu/Scrt1.o
LOAD /usr/lib/gcc/x86_64-linux-gnu/9/../../../x86_64-linux-gnu/crti.o
LOAD /usr/lib/gcc/x86_64-linux-gnu/9/crtbeginS.o
START GROUP
LOAD build/starfighter/host-debug/host/frame_buffer.o
LOAD build/starfighter/host-debug/host/timer.o
LOAD build/starfighter/host-debug/src/Bullet.o
LOAD build/starfighter/host-debug/src/explosion1.o
LOAD build/starfighter/host-debug/src/explosion2.o
LOAD build/starfighter/host-debug/src/explosion3.o
LOAD build/starfighter/host-debug/src/font.o
LOAD build/starfighter/host-debug/src/GameOverScreen.o
LOAD build/starfighter/host-debug/src/HealthPickup.o
LOAD build/starfighter/host-debug/src/KusInt.o
LOAD build/starfighter/host-debug/src/main.o
LOAD build/starfighter/host-debug/src/Missile.o
LOAD build/starfighter/host-debug/src/RedBullet.o
LOAD build/starfighter/host-debug/src/Rocket.o
LOAD build/starfighter/host-debug/src/RocketPickup.o
LOAD build/starfighter/host-debug/src/ShieldPickup.o
LOAD build/starfighter/host-debug/src/ShotgunPickup.o
LOAD build/starfighter/host-debug/src/text.o
LOAD build/starfighter/host-debug/src/title.o
LOAD build/starfighter/host-debug/src/TurCorv.o
LOAD build/starfighter/host-debug/src/TurInt.o
LOAD build/starfighter/host-debug/src/TurMissCorv.o
LOAD /usr/lib/gcc/x86_64-linux-gnu/9/../../../x86_64-linux-gnu/libSDL2.so
END GROUP
LOAD /usr/lib/gcc/x86_64-linux-gnu/9/libstdc++.so
LOAD /usr/lib/gcc/x86_64-linux-gnu/9/../../../x86_64-linux-gnu/libm.so
START GROUP
LOAD /lib/x86_64-linux-gnu/libm.so.6
LOAD /lib/x86_64-linux-gnu/libmvec.so.1
END GROUP
LOAD /usr/lib/gcc/x86_64-linux-gnu/9/libgcc_s.so
START GROUP
LOAD /lib/x86_64-linux-gnu/libgcc_s.so.1
LOAD /usr/lib/gcc/x86_64-linux-gnu/9/libgcc.a
END GROUP
LOAD /usr/lib/gcc/x86_64-linux-gnu/9/libgcc.a
LOAD /usr/lib/gcc/x86_64-linux-gnu/9/../../../x86_64-linux-gnu/libc.so
START GROUP
LOAD /lib/x86_64-linux-gnu/libc.so.6
LOAD /usr/lib/x86_64-linux-gnu/libc_nonshared.a
LOAD /lib/x86_64-linux-gnu/ld-linux-x86-64.so.2
END GROUP
LOAD /usr/lib/gcc/x86_64-linux-gnu/9/libgcc_s.so
START GROUP
LOAD /lib/x86_64-linux-gnu/libgcc_s.so.1
LOAD /usr/lib/gcc/x86_64-linux-gnu/9/libgcc.a
END GROUP
LOAD /usr/lib/gcc/x86_64-linux-gnu/9/libgcc.a
LOAD /usr/lib/gcc/x86_64-linux-gnu/9/crtendS.o
LOAD /usr/lib/gcc/x86_64-linux-gnu/9/../../../x86_64-linux-gnu/crtn.o
                [!provide]                        PROVIDE (__executable_start = SEGMENT_START ("text-segment", 0x0))
                0x0000000000000318                . = (SEGMENT_START ("text-segment", 0x0) + SIZEOF_HEADERS)

.interp         0x0000000000000318       0x1c
 *(.interp)
 .interp        0x0000000000000318       0x1c /usr/lib/gcc/x86_64-linux-gnu/9/../../../x86_64-linux-gnu/Scrt1.o

.note.gnu.property
                0x0000000000000338       0x20
 .note.gnu.property
                0x0000000000000338       0x20 /usr/lib/gcc/x86_64-linux-gnu/9/../../../x86_64-linux-gnu/Scrt1.o

.note.gnu.build-id
                0x0000000000000358       0x24
 *(.note.gnu.build-id)
 .note.gnu.build-id
                0x0000000000000358       0x24 /usr/lib/gcc/x86_64-linux-gnu/9/../../../x86_64-linux-gnu/Scrt1.o

.note.ABI-tag   0x000000000000037c       0x20
 .note.ABI-tag  0x000000000000037c       0x20 /usr/lib/gcc/x86_64-linux-gnu/9/../../../x86_64-linux-gnu/Scrt1.o

.hash
 *(.hash)

.gnu.hash       0x00000000000003a0       0x38
 *(.gnu.hash)
 .gnu.hash      0x00000000000003a0       0x38 /usr/lib/gcc/x86_64-linux-gnu/9/../../../x86_64-linux-gnu/Scrt1.o

.dynsym         0x00000000000003d8      0x2d0
 *(.dynsym)
 .dynsym        0x00000000000003d8      0x2d0 /usr/lib/gcc/x86_64-linux-gnu/9/../../../x86_64-linux-gnu/Scrt1.o

.dynstr         0x00000000000006a8      0x1c4
 *(.dynstr)
 .dynstr        0x00000000000006a8      0x1c4 /usr/lib/gcc/x86_64-linux-gnu/9/../../../x86_64-linux-gnu/Scrt1.o

.gnu.version    0x000000000000086c       0x3c
 *(.gnu.version)
 .gnu.version   0x000000000000086c       0x3c /usr/lib/gcc/x86_64-linux-gnu/9/../../../x86_64-linux-gnu/Scrt1.o

.gnu.version_d  0x00000000000008a8        0x0
 *(.gnu.version_d)
 .gnu.version_d
                0x00000000000008a8        0x0 /usr/lib/gcc/x86_64-linux-gnu/9/../../../x86_64-linux-gnu/Scrt1.o

.gnu.version_r  0x00000000000008a8       0x40
 *(.gnu.version_r)
 .gnu.version_r
                0x00000000000008a8       0x40 /usr/lib/gcc/x86_64-linux-gnu/9/../../../x86_64-linux-gnu/Scrt1.o

.rela.dyn       0x00000000000008e8       0xd8
 *(.rela.init)
 *(.rela.text .rela.text.* .rela.gnu.linkonce.t.*)
 .rela.text     0x00000000000008e8        0x0 /usr/lib/gcc/x86_64-linux-gnu/9/../../../x86_64-linux-gnu/Scrt1.o
 *(.rela.fini)
 *(.rela.rodata .rela.rodata.* .rela.gnu.linkonce.r.*)
 *(.rela.data .rela.data.* .rela.gnu.linkonce.d.*)
 .rela.data.rel.ro
                0x00000000000008e8        0x0 /usr/lib/gcc/x86_64-linux-gnu/9/../../../x86_64-linux-gnu/Scrt1.o
 .rela.data.rel.local
                0x00000000000008e8       0x18 /usr/lib/gcc/x86_64-linux-gnu/9/../../../x86_64-linux-gnu/Scrt1.o
 .rela.data.rel.local.m
                0x0000000000000900       0x18 /usr/lib/gcc/x86_64-linux-gnu/9/../../../x86_64-linux-gnu/Scrt1.o
 *(.rela.tdata .rela.tdata.* .rela.gnu.linkonce.td.*)
 *(.rela.tbss .rela.tbss.* .rela.gnu.linkonce.tb.*)
 *(.rela.ctors)
 *(.rela.dtors)
 *(.rela.got)
 .rela.got      0x0000000000000918       0x78 /usr/lib/gcc/x86_64-linux-gnu/9/../../../x86_64-linux-gnu/Scrt1.o
 *(.rela.bss .rela.bss.* .rela.gnu.linkonce.b.*)
 .rela.bss      0x0000000000000990        0x0 /usr/lib/gcc/x86_64-linux-gnu/9/../../../x86_64-linux-gnu/Scrt1.o
 *(.rela.ldata .rela.ldata.* .rela.gnu.linkonce.l.*)
 *(.rela.lbss .rela.lbss.* .rela.gnu.linkonce.lb.*)
 *(.rela.lrodata .rela.lrodata.* .rela.gnu.linkonce.lr.*)
 *(.rela.ifunc)
 .rela.ifunc    0x0000000000000990        0x0 /usr/lib/gcc/x86_64-linux-gnu/9/../../../x86_64-linux-gnu/Scrt1.o
 .rela.fini_array
                0x0000000000000990       0x18 /usr/lib/gcc/x86_64-linux-gnu/9/../../../x86_64-linux-gnu/Scrt1.o
 .rela.init_array
                0x00000000000009a8       0x18 /usr/lib/gcc/x86_64-linux-gnu/9/../../../x86_64-linux-gnu/Scrt1.o

.rela.plt       0x00000000000009c0      0x1e0
 *(.rela.plt)
 .rela.plt      0x00000000000009c0      0x1e0 /usr/lib/gcc/x86_64-linux-gnu/9/../../../x86_64-linux-gnu/Scrt1.o
 *(.rela.iplt)
                0x0000000000001000                . = ALIGN (CONSTANT (MAXPAGESIZE))

.init           0x0000000000001000       0x1b
 *(SORT_NONE(.init))
 .init          0x0000000000001000       0x16 /usr/lib/gcc/x86_64-linux-gnu/9/../../../x86_64-linux-gnu/crti.o
                0x0000000000001000                _init
 .init          0x0000000000001016        0x5 /usr/lib/gcc/x86_64-linux-gnu/9/../../../x86_64-linux-gnu/crtn.o

.plt            0x0000000000001020      0x150
 *(.plt)
 .plt           0x0000000000001020      0x150 /usr/lib/gcc/x86_64-linux-gnu/9/../../../x86_64-linux-gnu/Scrt1.o
 *(.iplt)

.plt.got        0x0000000000001170       0x10
 *(.plt.got)
 .plt.got       0x0000000000001170       0x10 /usr/lib/gcc/x86_64-linux-gnu/9/../../../x86_64-linux-gnu/Scrt1.o
                0x0000000000001170                __cxa_finalize@@GLIBC_2.2.5

.plt.sec        0x0000000000001180      0x140
 *(.plt.sec)
 .plt.sec       0x0000000000001180      0x140 /usr/lib/gcc/x86_64-linux-gnu/9/../../../x86_64-linux-gnu/Scrt1.o
                0x0000000000001180                SDL_CreateRenderer
                0x0000000000001190                printf@@GLIBC_2.2.5
                0x00000000000011a0                SDL_CreateWindow
                0x00000000000011b0                SDL_RenderPresent
                0x00000000000011c0                sprintf@@GLIBC_2.2.5
                0x00000000000011d0                abs@@GLIBC_2.2.5
                0x00000000000011e0                SDL_SetEventFilter
                0x00000000000011f0                SDL_PollEvent
                0x0000000000001200                __assert_fail@@GLIBC_2.2.5
                0x0000000000001210                SDL_Delay
                0x0000000000001220                SDL_GetError
                0x0000000000001230                SDL_UpdateTexture
                0x0000000000001240                memcpy@@GLIBC_2.14
                0x0000000000001250                SDL_Init
                0x0000000000001260                SDL_RenderClear
                0x0000000000001270                __stack_chk_fail@@GLIBC_2.4
                0x0000000000001280                SDL_RenderCopy
                0x0000000000001290                SDL_SetTextureBlendMode
                0x00000000000012a0                exit@@GLIBC_2.2.5
                0x00000000000012b0                SDL_CreateTexture

.text           0x00000000000012c0     0x4035
 *(.text.unlikely .text.*_unlikely .text.unlikely.*)
 *(.text.exit .text.exit.*)
 *(.text.startup .text.startup.*)
 *(.text.hot .text.hot.*)
 *(SORT_BY_NAME(.text.sorted.*))
 *(.text .stub .text.* .gnu.linkonce.t.*)
 .text          0x00000000000012c0       0x2f /usr/lib/gcc/x86_64-linux-gnu/9/../../../x86_64-linux-gnu/Scrt1.o
                0x00000000000012c0                _start
 *fill*         0x00000000000012ef        0x1 
 .text          0x00000000000012f0       0xb9 /usr/lib/gcc/x86_64-linux-gnu/9/crtbeginS.o
 .text.quit_filter
                0x00000000000013a9       0x55 build/starfighter/host-debug/host/frame_buffer.o
                0x00000000000013a9                quit_filter
 .text.frame_buffer_init
                0x00000000000013fe      0x1ac build/starfighter/host-debug/host/frame_buffer.o
                0x00000000000013fe                frame_buffer_init
 .text.frame_buffer_switch
                0x00000000000015aa      0x104 build/starfighter/host-debug/host/frame_buffer.o
                0x00000000000015aa                frame_buffer_switch
 .text.setPixel
                0x00000000000016ae       0x48 build/starfighter/host-debug/host/frame_buffer.o
                0x00000000000016ae                setPixel
 .text.drawRectangle
                0x00000000000016f6       0xae build/starfighter/host-debug/host/frame_buffer.o
                0x00000000000016f6                drawRectangle
 .text.drawScreen
                0x00000000000017a4       0x32 build/starfighter/host-debug/host/frame_buffer.o
                0x00000000000017a4                drawScreen
 .text.drawImage3
                0x00000000000017d6       0x8b build/starfighter/host-debug/host/frame_buffer.o
                0x00000000000017d6                drawImage3
 .text.poll_controller
                0x0000000000001861      0x1d1 build/starfighter/host-debug/host/frame_buffer.o
                0x0000000000001861                poll_controller
 .text.button_get
                0x0000000000001a32       0x10 build/starfighter/host-debug/host/frame_buffer.o
                0x0000000000001a32                button_get
 .text.waitForVblank
                0x0000000000001a42       0x1f build/starfighter/host-debug/host/frame_buffer.o
                0x0000000000001a42                waitForVblank
 .text.hardware_video_init
                0x0000000000001a61       0x21 build/starfighter/host-debug/src/main.o
 .text.main     0x0000000000001a82      0x4ba build/starfighter/host-debug/src/main.o
                0x0000000000001a82                main
 .text.gameOn   0x0000000000001f3c      0x8f1 build/starfighter/host-debug/src/main.o
                0x0000000000001f3c                gameOn
 .text.drawEntity
                0x000000000000282d       0x33 build/starfighter/host-debug/src/main.o
                0x000000000000282d                drawEntity
 .text.createShip
                0x0000000000002860       0x90 build/starfighter/host-debug/src/main.o
                0x0000000000002860                createShip
 .text.createEnemyShip
                0x00000000000028f0      0x112 build/starfighter/host-debug/src/main.o
                0x00000000000028f0                createEnemyShip
 .text.createProjectile
                0x0000000000002a02       0xd7 build/starfighter/host-debug/src/main.o
                0x0000000000002a02                createProjectile
 .text.createExplosion
                0x0000000000002ad9       0xac build/starfighter/host-debug/src/main.o
                0x0000000000002ad9                createExplosion
 .text.createPickup
                0x0000000000002b85       0xd3 build/starfighter/host-debug/src/main.o
                0x0000000000002b85                createPickup
 .text.destroyEnemy
                0x0000000000002c58       0xd2 build/starfighter/host-debug/src/main.o
                0x0000000000002c58                destroyEnemy
 .text.removeProjectile
                0x0000000000002d2a       0x9c build/starfighter/host-debug/src/main.o
                0x0000000000002d2a                removeProjectile
 .text.removePickup
                0x0000000000002dc6       0x9c build/starfighter/host-debug/src/main.o
                0x0000000000002dc6                removePickup
 .text.washEntity
                0x0000000000002e62       0x83 build/starfighter/host-debug/src/main.o
                0x0000000000002e62                washEntity
 .text.level1   0x0000000000002ee5      0x9fb build/starfighter/host-debug/src/main.o
                0x0000000000002ee5                level1
 .text.level2   0x00000000000038e0      0x8d2 build/starfighter/host-debug/src/main.o
                0x00000000000038e0                level2
 .text.updateEntity
                0x00000000000041b2      0x16c build/starfighter/host-debug/src/main.o
                0x00000000000041b2                updateEntity
 .text.updatePlayer
                0x000000000000431e      0x10d build/starfighter/host-debug/src/main.o
                0x000000000000431e                updatePlayer
 .text.updateShip
                0x000000000000442b       0xee build/starfighter/host-debug/src/main.o
                0x000000000000442b                updateShip
 .text.updateProjectile
                0x0000000000004519       0x23 build/starfighter/host-debug/src/main.o
                0x0000000000004519                updateProjectile
 .text.updateExplosion
                0x000000000000453c      0x103 build/starfighter/host-debug/src/main.o
                0x000000000000453c                updateExplosion
 .text.updatePickup
                0x000000000000463f       0x23 build/starfighter/host-debug/src/main.o
                0x000000000000463f                updatePickup
 .text.updateDisplay
                0x0000000000004662      0x2e3 build/starfighter/host-debug/src/main.o
                0x0000000000004662                updateDisplay
 .text.detectCollision
                0x0000000000004945       0xb4 build/starfighter/host-debug/src/main.o
                0x0000000000004945                detectCollision
 .text.playerGun
                0x00000000000049f9      0x19a build/starfighter/host-debug/src/main.o
                0x00000000000049f9                playerGun
 .text.playerRocket
                0x0000000000004b93       0x73 build/starfighter/host-debug/src/main.o
                0x0000000000004b93                playerRocket
 .text.shootBullet
                0x0000000000004c06       0x69 build/starfighter/host-debug/src/main.o
                0x0000000000004c06                shootBullet
 .text.ai1      0x0000000000004c6f       0x3f build/starfighter/host-debug/src/main.o
                0x0000000000004c6f                ai1
 .text.ai2      0x0000000000004cae       0x89 build/starfighter/host-debug/src/main.o
                0x0000000000004cae                ai2
 .text.ai3      0x0000000000004d37       0xd0 build/starfighter/host-debug/src/main.o
                0x0000000000004d37                ai3
 .text.ai4      0x0000000000004e07       0xbd build/starfighter/host-debug/src/main.o
                0x0000000000004e07                ai4
 .text.ai5      0x0000000000004ec4      0x10b build/starfighter/host-debug/src/main.o
                0x0000000000004ec4                ai5
 .text.ai6      0x0000000000004fcf       0xd1 build/starfighter/host-debug/src/main.o
                0x0000000000004fcf                ai6
 .text.reset    0x00000000000050a0       0xbc build/starfighter/host-debug/src/main.o
                0x00000000000050a0                reset
 .text.resetUI  0x000000000000515c       0x33 build/starfighter/host-debug/src/main.o
                0x000000000000515c                resetUI
 .text.drawChar
                0x000000000000518f       0x96 build/starfighter/host-debug/src/text.o
                0x000000000000518f                drawChar
 .text.drawString
                0x0000000000005225       0x54 build/starfighter/host-debug/src/text.o
                0x0000000000005225                drawString
 *fill*         0x0000000000005279        0x7 
 .text          0x0000000000005280       0x75 /usr/lib/x86_64-linux-gnu/libc_nonshared.a(elf-init.oS)
                0x0000000000005280                __libc_csu_init
                0x00000000000052f0                __libc_csu_fini
 *(.gnu.warning)

.fini           0x00000000000052f8        0xd
 *(SORT_NONE(.fini))
 .fini          0x00000000000052f8        0x8 /usr/lib/gcc/x86_64-linux-gnu/9/../../../x86_64-linux-gnu/crti.o
                0x00000000000052f8                _fini
 .fini          0x0000000000005300        0x5 /usr/lib/gcc/x86_64-linux-gnu/9/../../../x86_64-linux-gnu/crtn.o
                [!provide]                        PROVIDE (__etext = .)
                [!provide]                        PROVIDE (_etext = .)
                [!provide]                        PROVIDE (etext = .)
                0x0000000000006000                . = ALIGN (CONSTANT (MAXPAGESIZE))
                0x0000000000006000                . = SEGMENT_START ("rodata-segment", (ALIGN (CONSTANT (MAXPAGESIZE)) + (. & (CONSTANT (MAXPAGESIZE) - 0x1))))

.rodata         0x0000000000006000    0x29f04
 *(.rodata .rodata.* .gnu.linkonce.r.*)
 .rodata        0x0000000000006000       0x74 build/starfighter/host-debug/host/frame_buffer.o
 .rodata.poll_controller
                0x0000000000006074       0x50 build/starfighter/host-debug/host/frame_buffer.o
 *fill*         0x00000000000060c4        0xc 
 .rodata.__PRETTY_FUNCTION__.29360
                0x00000000000060d0       0x12 build/starfighter/host-debug/host/frame_buffer.o
 *fill*         0x00000000000060e2        0xe 
 .rodata.__PRETTY_FUNCTION__.29365
                0x00000000000060f0       0x14 build/starfighter/host-debug/host/frame_buffer.o
 *fill*         0x0000000000006104       0x1c 
 .rodata.Bullet
                0x0000000000006120       0x2a build/starfighter/host-debug/src/Bullet.o
                0x0000000000006120                Bullet
 *fill*         0x000000000000614a       0x16 
 .rodata.explosion1
                0x0000000000006160      0x200 build/starfighter/host-debug/src/explosion1.o
                0x0000000000006160                explosion1
 .rodata.explosion2
                0x0000000000006360      0x200 build/starfighter/host-debug/src/explosion2.o
                0x0000000000006360                explosion2
 .rodata.explosion3
                0x0000000000006560      0x200 build/starfighter/host-debug/src/explosion3.o
                0x0000000000006560                explosion3
 .rodata.fontdata_6x8
                0x0000000000006760     0x3000 build/starfighter/host-debug/src/font.o
                0x0000000000006760                fontdata_6x8
 .rodata.GameOverScreen
                0x0000000000009760    0x12c00 build/starfighter/host-debug/src/GameOverScreen.o
                0x0000000000009760                GameOverScreen
 .rodata.HealthPickup
                0x000000000001c360      0x120 build/starfighter/host-debug/src/HealthPickup.o
                0x000000000001c360                HealthPickup
 .rodata.KusInt
                0x000000000001c480      0x258 build/starfighter/host-debug/src/KusInt.o
                0x000000000001c480                KusInt
 .rodata        0x000000000001c6d8       0x8e build/starfighter/host-debug/src/main.o
 *fill*         0x000000000001c766        0x2 
 .rodata.main   0x000000000001c768       0x14 build/starfighter/host-debug/src/main.o
 .rodata.updateShip
                0x000000000001c77c       0x1c build/starfighter/host-debug/src/main.o
 *fill*         0x000000000001c798        0x8 
 .rodata.Missile
                0x000000000001c7a0       0x5a build/starfighter/host-debug/src/Missile.o
                0x000000000001c7a0                Missile
 *fill*         0x000000000001c7fa        0x6 
 .rodata.RedBullet
                0x000000000001c800       0x2a build/starfighter/host-debug/src/RedBullet.o
                0x000000000001c800                RedBullet
 *fill*         0x000000000001c82a       0x16 
 .rodata.Rocket
                0x000000000001c840       0x5a build/starfighter/host-debug/src/Rocket.o
                0x000000000001c840                Rocket
 *fill*         0x000000000001c89a        0x6 
 .rodata.RocketPickup
                0x000000000001c8a0      0x120 build/starfighter/host-debug/src/RocketPickup.o
                0x000000000001c8a0                RocketPickup
 .rodata.ShieldPickup
                0x000000000001c9c0      0x120 build/starfighter/host-debug/src/ShieldPickup.o
                0x000000000001c9c0                ShieldPickup
 .rodata.ShotgunPickup
                0x000000000001cae0      0x120 build/starfighter/host-debug/src/ShotgunPickup.o
                0x000000000001cae0                ShotgunPickup
 .rodata.title  0x000000000001cc00    0x12c00 build/starfighter/host-debug/src/title.o
                0x000000000001cc00                title
 .rodata.TurCorv
                0x000000000002f800      0x258 build/starfighter/host-debug/src/TurCorv.o
                0x000000000002f800                TurCorv
 *fill*         0x000000000002fa58        0x8 
 .rodata.TurInt
                0x000000000002fa60      0x10e build/starfighter/host-debug/src/TurInt.o
                0x000000000002fa60                TurInt
 *fill*         0x000000000002fb6e       0x12 
 .rodata.TurMissCorv
                0x000000000002fb80      0x384 build/starfighter/host-debug/src/TurMissCorv.o
                0x000000000002fb80                TurMissCorv

.rodata1
 *(.rodata1)

.eh_frame_hdr   0x000000000002ff04      0x1ac
 *(.eh_frame_hdr)
 .eh_frame_hdr  0x000000000002ff04      0x1ac /usr/lib/gcc/x86_64-linux-gnu/9/../../../x86_64-linux-gnu/Scrt1.o
                0x000000000002ff04                __GNU_EH_FRAME_HDR
 *(.eh_frame_entry .eh_frame_entry.*)

.eh_frame       0x00000000000300b0      0x6b0
 *(.eh_frame)
 .eh_frame      0x00000000000300b0       0x30 /usr/lib/gcc/x86_64-linux-gnu/9/../../../x86_64-linux-gnu/Scrt1.o
                                         0x2c (size before relaxing)
 *fill*         0x00000000000300e0        0x0 
 .eh_frame      0x00000000000300e0       0x28 /usr/lib/gcc/x86_64-linux-gnu/9/../../../x86_64-linux-gnu/Scrt1.o
                                         0x40 (size before relaxing)
 .eh_frame      0x0000000000030108       0x18 /usr/lib/gcc/x86_64-linux-gnu/9/../../../x86_64-linux-gnu/Scrt1.o
                                         0x30 (size before relaxing)
 .eh_frame      0x0000000000030120       0x18 /usr/lib/gcc/x86_64-linux-gnu/9/../../../x86_64-linux-gnu/Scrt1.o
                                         0x30 (size before relaxing)
 .eh_frame      0x0000000000030138      0x148 build/starfighter/host-debug/host/frame_buffer.o
                                        0x260 (size before relaxing)
 .eh_frame      0x0000000000030280        0x0 build/starfighter/host-debug/host/timer.o
                                         0x78 (size before relaxing)
 .eh_frame      0x0000000000030280      0x440 build/starfighter/host-debug/src/main.o
                                        0x458 (size before relaxing)
 .eh_frame      0x00000000000306c0       0x40 build/starfighter/host-debug/src/text.o
                                         0x58 (size before relaxing)
 .eh_frame      0x0000000000030700       0x5c /usr/lib/x86_64-linux-gnu/libc_nonshared.a(elf-init.oS)
                                         0x78 (size before relaxing)
 .eh_frame      0x000000000003075c        0x4 /usr/lib/gcc/x86_64-linux-gnu/9/crtendS.o
 *(.eh_frame.*)

.gcc_except_table
 *(.gcc_except_table .gcc_except_table.*)

.gnu_extab
 *(.gnu_extab*)

.exception_ranges
 *(.exception_ranges*)
                0x0000000000031d10                . = DATA_SEGMENT_ALIGN (CONSTANT (MAXPAGESIZE), CONSTANT (COMMONPAGESIZE))

.eh_frame
 *(.eh_frame)
 *(.eh_frame.*)

.gnu_extab
 *(.gnu_extab)

.gcc_except_table
 *(.gcc_except_table .gcc_except_table.*)

.exception_ranges
 *(.exception_ranges*)

.tdata          0x0000000000031d10        0x0
                [!provide]                        PROVIDE (__tdata_start = .)
 *(.tdata .tdata.* .gnu.linkonce.td.*)

.tbss
 *(.tbss .tbss.* .gnu.linkonce.tb.*)
 *(.tcommon)

.preinit_array  0x0000000000031d10        0x0
                [!provide]                        PROVIDE (__preinit_array_start = .)
 *(.preinit_array)
                [!provide]                        PROVIDE (__preinit_array_end = .)

.init_array     0x0000000000031d10        0x8
                0x0000000000031d10                PROVIDE (__init_array_start = .)
 *(SORT_BY_INIT_PRIORITY(.init_array.*) SORT_BY_INIT_PRIORITY(.ctors.*))
 *(.init_array EXCLUDE_FILE(*crtend?.o *crtend.o *crtbegin?.o *crtbegin.o) .ctors)
 .init_array    0x0000000000031d10        0x8 /usr/lib/gcc/x86_64-linux-gnu/9/crtbeginS.o
                0x0000000000031d18                PROVIDE (__init_array_end = .)

.fini_array     0x0000000000031d18        0x8
                [!provide]                        PROVIDE (__fini_array_start = .)
 *(SORT_BY_INIT_PRIORITY(.fini_array.*) SORT_BY_INIT_PRIORITY(.dtors.*))
 *(.fini_array EXCLUDE_FILE(*crtend?.o *crtend.o *crtbegin?.o *crtbegin.o) .dtors)
 .fini_array    0x0000000000031d18        0x8 /usr/lib/gcc/x86_64-linux-gnu/9/crtbeginS.o
                [!provide]                        PROVIDE (__fini_array_end = .)

.ctors
 *crtbegin.o(.ctors)
 *crtbegin?.o(.ctors)
 *(EXCLUDE_FILE(*crtend?.o *crtend.o) .ctors)
 *(SORT_BY_NAME(.ctors.*))
 *(.ctors)

.dtors
 *crtbegin.o(.dtors)
 *crtbegin?.o(.dtors)
 *(EXCLUDE_FILE(*crtend?.o *crtend.o) .dtors)
 *(SORT_BY_NAME(.dtors.*))
 *(.dtors)

.jcr
 *(.jcr)

.data.rel.ro    0x0000000000031d20        0x0
 *(.data.rel.ro.local* .gnu.linkonce.d.rel.ro.local.*)
 *(.data.rel.ro .data.rel.ro.* .gnu.linkonce.d.rel.ro.*)
 .data.rel.ro   0x0000000000031d20        0x0 /usr/lib/gcc/x86_64-linux-gnu/9/../../../x86_64-linux-gnu/Scrt1.o

.dynamic        0x0000000000031d20      0x200
 *(.dynamic)
 .dynamic       0x0000000000031d20      0x200 /usr/lib/gcc/x86_64-linux-gnu/9/../../../x86_64-linux-gnu/Scrt1.o
                0x0000000000031d20                _DYNAMIC

.got            0x0000000000031f20       0xe0
 *(.got.plt)
 .got.plt       0x0000000000031f20       0xb8 /usr/lib/gcc/x86_64-linux-gnu/9/../../../x86_64-linux-gnu/Scrt1.o
                0x0000000000031f20                _GLOBAL_OFFSET_TABLE_
 *(.igot.plt)
 *(.got)
 .got           0x0000000000031fd8       0x28 /usr/lib/gcc/x86_64-linux-gnu/9/../../../x86_64-linux-gnu/Scrt1.o
 *(.igot)
                0x0000000000032000                . = DATA_SEGMENT_RELRO_END (., 0x0)

.data           0x0000000000032000       0x2e
 *(.data .data.* .gnu.linkonce.d.*)
 .data.rel.local
                0x0000000000032000        0x8 /usr/lib/gcc/x86_64-linux-gnu/9/crtbeginS.o
                0x0000000000032000                __dso_handle
 .data.buttons  0x0000000000032008        0x4 build/starfighter/host-debug/host/frame_buffer.o
                0x0000000000032008                buttons
 *fill*         0x000000000003200c        0x4 
 .data.rel.local.m
                0x0000000000032010        0x8 build/starfighter/host-debug/host/frame_buffer.o
                0x0000000000032010                m
 .data.oldLives
                0x0000000000032018        0x4 build/starfighter/host-debug/src/main.o
                0x0000000000032018                oldLives
 .data.oldAmmo  0x000000000003201c        0x4 build/starfighter/host-debug/src/main.o
                0x000000000003201c                oldAmmo
 .data.oldScore
                0x0000000000032020        0x4 build/starfighter/host-debug/src/main.o
                0x0000000000032020                oldScore
 .data.oldHealth
                0x0000000000032024        0x4 build/starfighter/host-debug/src/main.o
                0x0000000000032024                oldHealth
 .data.oldLevel
                0x0000000000032028        0x4 build/starfighter/host-debug/src/main.o
                0x0000000000032028                oldLevel
 .data.barColor
                0x000000000003202c        0x2 build/starfighter/host-debug/src/main.o
                0x000000000003202c                barColor

.tm_clone_table
                0x0000000000032030        0x0
 .tm_clone_table
                0x0000000000032030        0x0 /usr/lib/gcc/x86_64-linux-gnu/9/crtbeginS.o
 .tm_clone_table
                0x0000000000032030        0x0 /usr/lib/gcc/x86_64-linux-gnu/9/crtendS.o

.data1
 *(.data1)
                0x000000000003202e                _edata = .
                [!provide]                        PROVIDE (edata = .)
                0x0000000000032030                . = .
                0x000000000003202e                __bss_start = .

.bss            0x0000000000032040    0x26330
 *(.dynbss)
 .dynbss        0x0000000000032040        0x0 /usr/lib/gcc/x86_64-linux-gnu/9/../../../x86_64-linux-gnu/Scrt1.o
 *(.bss .bss.* .gnu.linkonce.b.*)
 .bss           0x0000000000032040        0x1 /usr/lib/gcc/x86_64-linux-gnu/9/crtbeginS.o
 *fill*         0x0000000000032041        0x7 
 .bss.videoBuffer
                0x0000000000032048        0x8 build/starfighter/host-debug/host/frame_buffer.o
                0x0000000000032048                videoBuffer
 *fill*         0x0000000000032050       0x10 
 .bss.monitor   0x0000000000032060    0x25818 build/starfighter/host-debug/host/frame_buffer.o
 .bss.gameClock
                0x0000000000057878        0x4 build/starfighter/host-debug/src/main.o
                0x0000000000057878                gameClock
 .bss.lives     0x000000000005787c        0x4 build/starfighter/host-debug/src/main.o
                0x000000000005787c                lives
 .bss.ammo      0x0000000000057880        0x4 build/starfighter/host-debug/src/main.o
                0x0000000000057880                ammo
 .bss.shotgunTime
                0x0000000000057884        0x4 build/starfighter/host-debug/src/main.o
                0x0000000000057884                shotgunTime
 .bss.score     0x0000000000057888        0x4 build/starfighter/host-debug/src/main.o
                0x0000000000057888                score
 .bss.level     0x000000000005788c        0x4 build/starfighter/host-debug/src/main.o
                0x000000000005788c                level
 .bss.bgColor   0x0000000000057890        0x2 build/starfighter/host-debug/src/main.o
                0x0000000000057890                bgColor
 *fill*         0x0000000000057892        0xe 
 .bss.player    0x00000000000578a0       0x20 build/starfighter/host-debug/src/main.o
                0x00000000000578a0                player
 .bss.numEnemies
                0x00000000000578c0        0x4 build/starfighter/host-debug/src/main.o
                0x00000000000578c0                numEnemies
 *fill*         0x00000000000578c4       0x1c 
 .bss.enemies   0x00000000000578e0      0x280 build/starfighter/host-debug/src/main.o
                0x00000000000578e0                enemies
 .bss.numExplosions
                0x0000000000057b60        0x4 build/starfighter/host-debug/src/main.o
                0x0000000000057b60                numExplosions
 *fill*         0x0000000000057b64       0x1c 
 .bss.explosions
                0x0000000000057b80      0x1e0 build/starfighter/host-debug/src/main.o
                0x0000000000057b80                explosions
 .bss.numProjectiles
                0x0000000000057d60        0x4 build/starfighter/host-debug/src/main.o
                0x0000000000057d60                numProjectiles
 *fill*         0x0000000000057d64       0x1c 
 .bss.projectiles
                0x0000000000057d80      0x500 build/starfighter/host-debug/src/main.o
                0x0000000000057d80                projectiles
 .bss.numPickups
                0x0000000000058280        0x4 build/starfighter/host-debug/src/main.o
                0x0000000000058280                numPickups
 *fill*         0x0000000000058284       0x1c 
 .bss.pickups   0x00000000000582a0       0xa0 build/starfighter/host-debug/src/main.o
                0x00000000000582a0                pickups
 .bss.buffer    0x0000000000058340       0x29 build/starfighter/host-debug/src/main.o
                0x0000000000058340                buffer
 .bss.inited.2496
                0x0000000000058369        0x1 build/starfighter/host-debug/src/main.o
 *(COMMON)
                0x0000000000058370                . = ALIGN ((. != 0x0)?0x8:0x1)
 *fill*         0x000000000005836a        0x6 

.lbss
 *(.dynlbss)
 *(.lbss .lbss.* .gnu.linkonce.lb.*)
 *(LARGE_COMMON)
                0x0000000000058370                . = ALIGN (0x8)
                0x0000000000058370                . = SEGMENT_START ("ldata-segment", .)

.lrodata
 *(.lrodata .lrodata.* .gnu.linkonce.lr.*)

.ldata          0x000000000005a370        0x0
 *(.ldata .ldata.* .gnu.linkonce.l.*)
                0x000000000005a370                . = ALIGN ((. != 0x0)?0x8:0x1)
                0x000000000005a370                . = ALIGN (0x8)
                0x0000000000058370                _end = .
                [!provide]                        PROVIDE (end = .)
                0x000000000005a370                . = DATA_SEGMENT_END (.)

.stab
 *(.stab)

.stabstr
 *(.stabstr)

.stab.excl
 *(.stab.excl)

.stab.exclstr
 *(.stab.exclstr)

.stab.index
 *(.stab.index)

.stab.indexstr
 *(.stab.indexstr)

.comment        0x0000000000000000       0x2a
 *(.comment)
 .comment       0x0000000000000000       0x2a /usr/lib/gcc/x86_64-linux-gnu/9/crtbeginS.o
                                         0x2b (size before relaxing)
 .comment       0x000000000000002a       0x2b build/starfighter/host-debug/host/frame_buffer.o
 .comment       0x000000000000002a       0x2b build/starfighter/host-debug/host/timer.o
 .comment       0x000000000000002a       0x2b build/starfighter/host-debug/src/Bullet.o
 .comment       0x000000000000002a       0x2b build/starfighter/host-debug/src/explosion1.o
 .comment       0x000000000000002a       0x2b build/starfighter/host-debug/src/explosion2.o
 .comment       0x000000000000002a       0x2b build/starfighter/host-debug/src/explosion3.o
 .comment       0x000000000000002a       0x2b build/starfighter/host-debug/src/font.o
 .comment       0x000000000000002a       0x2b build/starfighter/host-debug/src/GameOverScreen.o
 .comment       0x000000000000002a       0x2b build/starfighter/host-debug/src/HealthPickup.o
 .comment       0x000000000000002a       0x2b build/starfighter/host-debug/src/KusInt.o
 .comment       0x000000000000002a       0x2b build/starfighter/host-debug/src/main.o
 .comment       0x000000000000002a       0x2b build/starfighter/host-debug/src/Missile.o
 .comment       0x000000000000002a       0x2b build/starfighter/host-debug/src/RedBullet.o
 .comment       0x000000000000002a       0x2b build/starfighter/host-debug/src/Rocket.o
 .comment       0x000000000000002a       0x2b build/starfighter/host-debug/src/RocketPickup.o
 .comment       0x000000000000002a       0x2b build/starfighter/host-debug/src/ShieldPickup.o
 .comment       0x000000000000002a       0x2b build/starfighter/host-debug/src/ShotgunPickup.o
 .comment       0x000000000000002a       0x2b build/starfighter/host-debug/src/text.o
 .comment       0x000000000000002a       0x2b build/starfighter/host-debug/src/title.o
 .comment       0x000000000000002a       0x2b build/starfighter/host-debug/src/TurCorv.o
 .comment       0x000000000000002a       0x2b build/starfighter/host-debug/src/TurInt.o
 .comment       0x000000000000002a       0x2b build/starfighter/host-debug/src/TurMissCorv.o
 .comment       0x000000000000002a       0x2b /usr/lib/gcc/x86_64-linux-gnu/9/crtendS.o

.gnu.build.attributes
 *(.gnu.build.attributes .gnu.build.attributes.*)

.debug
 *(.debug)

.line
 *(.line)

.debug_srcinfo
 *(.debug_srcinfo)

.debug_sfnames
 *(.debug_sfnames)

.debug_aranges  0x0000000000000000      0x650
 *(.debug_aranges)
 .debug_aranges
                0x0000000000000000      0x140 build/starfighter/host-debug/host/frame_buffer.o
 .debug_aranges
                0x0000000000000140       0x50 build/starfighter/host-debug/host/timer.o
 .debug_aranges
                0x0000000000000190       0x20 build/starfighter/host-debug/src/Bullet.o
 .debug_aranges
                0x00000000000001b0       0x20 build/starfighter/host-debug/src/explosion1.o
 .debug_aranges
                0x00000000000001d0       0x20 build/starfighter/host-debug/src/explosion2.o
 .debug_aranges
                0x00000000000001f0       0x20 build/starfighter/host-debug/src/explosion3.o
 .debug_aranges
                0x0000000000000210       0x20 build/starfighter/host-debug/src/font.o
 .debug_aranges
                0x0000000000000230       0x20 build/starfighter/host-debug/src/GameOverScreen.o
 .debug_aranges
                0x0000000000000250       0x20 build/starfighter/host-debug/src/HealthPickup.o
 .debug_aranges
                0x0000000000000270       0x20 build/starfighter/host-debug/src/KusInt.o
 .debug_aranges
                0x0000000000000290      0x240 build/starfighter/host-debug/src/main.o
 .debug_aranges
                0x00000000000004d0       0x20 build/starfighter/host-debug/src/Missile.o
 .debug_aranges
                0x00000000000004f0       0x20 build/starfighter/host-debug/src/RedBullet.o
 .debug_aranges
                0x0000000000000510       0x20 build/starfighter/host-debug/src/Rocket.o
 .debug_aranges
                0x0000000000000530       0x20 build/starfighter/host-debug/src/RocketPickup.o
 .debug_aranges
                0x0000000000000550       0x20 build/starfighter/host-debug/src/ShieldPickup.o
 .debug_aranges
                0x0000000000000570       0x20 build/starfighter/host-debug/src/ShotgunPickup.o
 .debug_aranges
                0x0000000000000590       0x40 build/starfighter/host-debug/src/text.o
 .debug_aranges
                0x00000000000005d0       0x20 build/starfighter/host-debug/src/title.o
 .debug_aranges
                0x00000000000005f0       0x20 build/starfighter/host-debug/src/TurCorv.o
 .debug_aranges
                0x0000000000000610       0x20 build/starfighter/host-debug/src/TurInt.o
 .debug_aranges
                0x0000000000000630       0x20 build/starfighter/host-debug/src/TurMissCorv.o

.debug_pubnames
 *(.debug_pubnames)

.debug_info     0x0000000000000000     0x5429
 *(.debug_info .gnu.linkonce.wi.*)
 .debug_info    0x0000000000000000     0x2dda build/starfighter/host-debug/host/frame_buffer.o
 .debug_info    0x0000000000002dda      0x1f2 build/starfighter/host-debug/host/timer.o
 .debug_info    0x0000000000002fcc       0x60 build/starfighter/host-debug/src/Bullet.o
 .debug_info    0x000000000000302c       0x60 build/starfighter/host-debug/src/explosion1.o
 .debug_info    0x000000000000308c       0x60 build/starfighter/host-debug/src/explosion2.o
 .debug_info    0x00000000000030ec       0x60 build/starfighter/host-debug/src/explosion3.o
 .debug_info    0x000000000000314c       0x61 build/starfighter/host-debug/src/font.o
 .debug_info    0x00000000000031ad       0x61 build/starfighter/host-debug/src/GameOverScreen.o
 .debug_info    0x000000000000320e       0x60 build/starfighter/host-debug/src/HealthPickup.o
 .debug_info    0x000000000000326e       0x61 build/starfighter/host-debug/src/KusInt.o
 .debug_info    0x00000000000032cf     0x1bf3 build/starfighter/host-debug/src/main.o
 .debug_info    0x0000000000004ec2       0x60 build/starfighter/host-debug/src/Missile.o
 .debug_info    0x0000000000004f22       0x60 build/starfighter/host-debug/src/RedBullet.o
 .debug_info    0x0000000000004f82       0x60 build/starfighter/host-debug/src/Rocket.o
 .debug_info    0x0000000000004fe2       0x60 build/starfighter/host-debug/src/RocketPickup.o
 .debug_info    0x0000000000005042       0x60 build/starfighter/host-debug/src/ShieldPickup.o
 .debug_info    0x00000000000050a2       0x60 build/starfighter/host-debug/src/ShotgunPickup.o
 .debug_info    0x0000000000005102      0x1a4 build/starfighter/host-debug/src/text.o
 .debug_info    0x00000000000052a6       0x61 build/starfighter/host-debug/src/title.o
 .debug_info    0x0000000000005307       0x61 build/starfighter/host-debug/src/TurCorv.o
 .debug_info    0x0000000000005368       0x60 build/starfighter/host-debug/src/TurInt.o
 .debug_info    0x00000000000053c8       0x61 build/starfighter/host-debug/src/TurMissCorv.o

.debug_abbrev   0x0000000000000000      0xc9b
 *(.debug_abbrev)
 .debug_abbrev  0x0000000000000000      0x303 build/starfighter/host-debug/host/frame_buffer.o
 .debug_abbrev  0x0000000000000303      0x115 build/starfighter/host-debug/host/timer.o
 .debug_abbrev  0x0000000000000418       0x4a build/starfighter/host-debug/src/Bullet.o
 .debug_abbrev  0x0000000000000462       0x4a build/starfighter/host-debug/src/explosion1.o
 .debug_abbrev  0x00000000000004ac       0x4a build/starfighter/host-debug/src/explosion2.o
 .debug_abbrev  0x00000000000004f6       0x4a build/starfighter/host-debug/src/explosion3.o
 .debug_abbrev  0x0000000000000540       0x4a build/starfighter/host-debug/src/font.o
 .debug_abbrev  0x000000000000058a       0x4a build/starfighter/host-debug/src/GameOverScreen.o
 .debug_abbrev  0x00000000000005d4       0x4a build/starfighter/host-debug/src/HealthPickup.o
 .debug_abbrev  0x000000000000061e       0x4a build/starfighter/host-debug/src/KusInt.o
 .debug_abbrev  0x0000000000000668      0x26c build/starfighter/host-debug/src/main.o
 .debug_abbrev  0x00000000000008d4       0x4a build/starfighter/host-debug/src/Missile.o
 .debug_abbrev  0x000000000000091e       0x4a build/starfighter/host-debug/src/RedBullet.o
 .debug_abbrev  0x0000000000000968       0x4a build/starfighter/host-debug/src/Rocket.o
 .debug_abbrev  0x00000000000009b2       0x4a build/starfighter/host-debug/src/RocketPickup.o
 .debug_abbrev  0x00000000000009fc       0x4a build/starfighter/host-debug/src/ShieldPickup.o
 .debug_abbrev  0x0000000000000a46       0x4a build/starfighter/host-debug/src/ShotgunPickup.o
 .debug_abbrev  0x0000000000000a90       0xe3 build/starfighter/host-debug/src/text.o
 .debug_abbrev  0x0000000000000b73       0x4a build/starfighter/host-debug/src/title.o
 .debug_abbrev  0x0000000000000bbd       0x4a build/starfighter/host-debug/src/TurCorv.o
 .debug_abbrev  0x0000000000000c07       0x4a build/starfighter/host-debug/src/TurInt.o
 .debug_abbrev  0x0000000000000c51       0x4a build/starfighter/host-debug/src/TurMissCorv.o

.debug_line     0x0000000000000000     0x3672
 *(.debug_line .debug_line.* .debug_line_end)
 .debug_line    0x0000000000000000     0x127d build/starfighter/host-debug/host/frame_buffer.o
 .debug_line    0x000000000000127d      0x324 build/starfighter/host-debug/host/timer.o
 .debug_line    0x00000000000015a1       0x4b build/starfighter/host-debug/src/Bullet.o
 .debug_line    0x00000000000015ec       0x4f build/starfighter/host-debug/src/explosion1.o
 .debug_line    0x000000000000163b       0x4f build/starfighter/host-debug/src/explosion2.o
 .debug_line    0x000000000000168a       0x4f build/starfighter/host-debug/src/explosion3.o
 .debug_line    0x00000000000016d9       0x49 build/starfighter/host-debug/src/font.o
 .debug_line    0x0000000000001722       0x53 build/starfighter/host-debug/src/GameOverScreen.o
 .debug_line    0x0000000000001775       0x51 build/starfighter/host-debug/src/HealthPickup.o
 .debug_line    0x00000000000017c6       0x4b build/starfighter/host-debug/src/KusInt.o
 .debug_line    0x0000000000001811     0x1a73 build/starfighter/host-debug/src/main.o
 .debug_line    0x0000000000003284       0x4c build/starfighter/host-debug/src/Missile.o
 .debug_line    0x00000000000032d0       0x4e build/starfighter/host-debug/src/RedBullet.o
 .debug_line    0x000000000000331e       0x4b build/starfighter/host-debug/src/Rocket.o
 .debug_line    0x0000000000003369       0x51 build/starfighter/host-debug/src/RocketPickup.o
 .debug_line    0x00000000000033ba       0x51 build/starfighter/host-debug/src/ShieldPickup.o
 .debug_line    0x000000000000340b       0x52 build/starfighter/host-debug/src/ShotgunPickup.o
 .debug_line    0x000000000000345d       0xe4 build/starfighter/host-debug/src/text.o
 .debug_line    0x0000000000003541       0x4a build/starfighter/host-debug/src/title.o
 .debug_line    0x000000000000358b       0x4c build/starfighter/host-debug/src/TurCorv.o
 .debug_line    0x00000000000035d7       0x4b build/starfighter/host-debug/src/TurInt.o
 .debug_line    0x0000000000003622       0x50 build/starfighter/host-debug/src/TurMissCorv.o

.debug_frame
 *(.debug_frame)

.debug_str      0x0000000000000000    0x42510
 *(.debug_str)
 .debug_str     0x0000000000000000    0x41954 build/starfighter/host-debug/host/frame_buffer.o
                                      0x41d5e (size before relaxing)
 .debug_str     0x0000000000041954      0x257 build/starfighter/host-debug/host/timer.o
                                       0x545a (size before relaxing)
 .debug_str     0x0000000000041bab        0xd build/starfighter/host-debug/src/Bullet.o
                                       0x27d7 (size before relaxing)
 .debug_str     0x0000000000041bb8       0x1c build/starfighter/host-debug/src/explosion1.o
                                       0x27df (size before relaxing)
 .debug_str     0x0000000000041bd4       0x1c build/starfighter/host-debug/src/explosion2.o
                                       0x27df (size before relaxing)
 .debug_str     0x0000000000041bf0       0x1c build/starfighter/host-debug/src/explosion3.o
                                       0x27df (size before relaxing)
 .debug_str     0x0000000000041c0c       0x18 build/starfighter/host-debug/src/font.o
                                       0x27d6 (size before relaxing)
 .debug_str     0x0000000000041c24       0x24 build/starfighter/host-debug/src/GameOverScreen.o
                                       0x27e7 (size before relaxing)
 .debug_str     0x0000000000041c48       0x20 build/starfighter/host-debug/src/HealthPickup.o
                                       0x27e3 (size before relaxing)
 .debug_str     0x0000000000041c68       0x14 build/starfighter/host-debug/src/KusInt.o
                                       0x27d7 (size before relaxing)
 .debug_str     0x0000000000041c7c      0x79f build/starfighter/host-debug/src/main.o
                                       0x6d5c (size before relaxing)
 .debug_str     0x000000000004241b        0xe build/starfighter/host-debug/src/Missile.o
                                       0x27d9 (size before relaxing)
 .debug_str     0x0000000000042429       0x10 build/starfighter/host-debug/src/RedBullet.o
                                       0x27dd (size before relaxing)
 .debug_str     0x0000000000042439        0xd build/starfighter/host-debug/src/Rocket.o
                                       0x27d7 (size before relaxing)
 .debug_str     0x0000000000042446       0x13 build/starfighter/host-debug/src/RocketPickup.o
                                       0x27e3 (size before relaxing)
 .debug_str     0x0000000000042459       0x13 build/starfighter/host-debug/src/ShieldPickup.o
                                       0x27e3 (size before relaxing)
 .debug_str     0x000000000004246c       0x14 build/starfighter/host-debug/src/ShotgunPickup.o
                                       0x27e5 (size before relaxing)
 .debug_str     0x0000000000042480       0x57 build/starfighter/host-debug/src/text.o
                                       0x2d90 (size before relaxing)
 .debug_str     0x00000000000424d7        0xc build/starfighter/host-debug/src/title.o
                                       0x27d5 (size before relaxing)
 .debug_str     0x00000000000424e3        0xe build/starfighter/host-debug/src/TurCorv.o
                                       0x27d9 (size before relaxing)
 .debug_str     0x00000000000424f1        0xd build/starfighter/host-debug/src/TurInt.o
                                       0x27d7 (size before relaxing)
 .debug_str     0x00000000000424fe       0x12 build/starfighter/host-debug/src/TurMissCorv.o
                                       0x27e1 (size before relaxing)

.debug_loc
 *(.debug_loc)

.debug_macinfo
 *(.debug_macinfo)

.debug_weaknames
 *(.debug_weaknames)

.debug_funcnames
 *(.debug_funcnames)

.debug_typenames
 *(.debug_typenames)

.debug_varnames
 *(.debug_varnames)

.debug_pubtypes
 *(.debug_pubtypes)

.debug_ranges   0x0000000000000000      0x3d0
 *(.debug_ranges)
 .debug_ranges  0x0000000000000000      0x130 build/starfighter/host-debug/host/frame_buffer.o
 .debug_ranges  0x0000000000000130       0x40 build/starfighter/host-debug/host/timer.o
 .debug_ranges  0x0000000000000170      0x230 build/starfighter/host-debug/src/main.o
 .debug_ranges  0x00000000000003a0       0x30 build/starfighter/host-debug/src/text.o

.debug_macro    0x0000000000000000     0x953c
 *(.debug_macro)
 .debug_macro   0x0000000000000000      0xc70 build/starfighter/host-debug/host/frame_buffer.o
 .debug_macro   0x0000000000000c70      0x81a build/starfighter/host-debug/host/frame_buffer.o
 .debug_macro   0x000000000000148a       0x1c build/starfighter/host-debug/host/frame_buffer.o
 .debug_macro   0x00000000000014a6       0x10 build/starfighter/host-debug/host/frame_buffer.o
 .debug_macro   0x00000000000014b6      0x1b4 build/starfighter/host-debug/host/frame_buffer.o
 .debug_macro   0x000000000000166a      0x17f build/starfighter/host-debug/host/frame_buffer.o
 .debug_macro   0x00000000000017e9       0x16 build/starfighter/host-debug/host/frame_buffer.o
 .debug_macro   0x00000000000017ff       0x4a build/starfighter/host-debug/host/frame_buffer.o
 .debug_macro   0x0000000000001849       0x40 build/starfighter/host-debug/host/frame_buffer.o
 .debug_macro   0x0000000000001889       0x4c build/starfighter/host-debug/host/frame_buffer.o
 .debug_macro   0x00000000000018d5       0x67 build/starfighter/host-debug/host/frame_buffer.o
 .debug_macro   0x000000000000193c       0xf4 build/starfighter/host-debug/host/frame_buffer.o
 .debug_macro   0x0000000000001a30       0x10 build/starfighter/host-debug/host/frame_buffer.o
 .debug_macro   0x0000000000001a40       0x16 build/starfighter/host-debug/host/frame_buffer.o
 .debug_macro   0x0000000000001a56      0x1b8 build/starfighter/host-debug/host/frame_buffer.o
 .debug_macro   0x0000000000001c0e       0x22 build/starfighter/host-debug/host/frame_buffer.o
 .debug_macro   0x0000000000001c30       0x16 build/starfighter/host-debug/host/frame_buffer.o
 .debug_macro   0x0000000000001c46       0x3d build/starfighter/host-debug/host/frame_buffer.o
 .debug_macro   0x0000000000001c83      0x438 build/starfighter/host-debug/host/frame_buffer.o
 .debug_macro   0x00000000000020bb       0x58 build/starfighter/host-debug/host/frame_buffer.o
 .debug_macro   0x0000000000002113       0x89 build/starfighter/host-debug/host/frame_buffer.o
 .debug_macro   0x000000000000219c       0x1c build/starfighter/host-debug/host/frame_buffer.o
 .debug_macro   0x00000000000021b8       0x10 build/starfighter/host-debug/host/frame_buffer.o
 .debug_macro   0x00000000000021c8       0x10 build/starfighter/host-debug/host/frame_buffer.o
 .debug_macro   0x00000000000021d8       0x1c build/starfighter/host-debug/host/frame_buffer.o
 .debug_macro   0x00000000000021f4       0x1c build/starfighter/host-debug/host/frame_buffer.o
 .debug_macro   0x0000000000002210       0x4c build/starfighter/host-debug/host/frame_buffer.o
 .debug_macro   0x000000000000225c       0x22 build/starfighter/host-debug/host/frame_buffer.o
 .debug_macro   0x000000000000227e       0x10 build/starfighter/host-debug/host/frame_buffer.o
 .debug_macro   0x000000000000228e       0x4c build/starfighter/host-debug/host/frame_buffer.o
 .debug_macro   0x00000000000022da       0x20 build/starfighter/host-debug/host/frame_buffer.o
 .debug_macro   0x00000000000022fa       0x46 build/starfighter/host-debug/host/frame_buffer.o
 .debug_macro   0x0000000000002340       0x16 build/starfighter/host-debug/host/frame_buffer.o
 .debug_macro   0x0000000000002356       0x16 build/starfighter/host-debug/host/frame_buffer.o
 .debug_macro   0x000000000000236c       0x10 build/starfighter/host-debug/host/frame_buffer.o
 .debug_macro   0x000000000000237c       0x52 build/starfighter/host-debug/host/frame_buffer.o
 .debug_macro   0x00000000000023ce       0x10 build/starfighter/host-debug/host/frame_buffer.o
 .debug_macro   0x00000000000023de       0x20 build/starfighter/host-debug/host/frame_buffer.o
 .debug_macro   0x00000000000023fe       0x10 build/starfighter/host-debug/host/frame_buffer.o
 .debug_macro   0x000000000000240e       0x34 build/starfighter/host-debug/host/frame_buffer.o
 .debug_macro   0x0000000000002442       0x40 build/starfighter/host-debug/host/frame_buffer.o
 .debug_macro   0x0000000000002482       0x2e build/starfighter/host-debug/host/frame_buffer.o
 .debug_macro   0x00000000000024b0       0x19 build/starfighter/host-debug/host/frame_buffer.o
 .debug_macro   0x00000000000024c9       0x16 build/starfighter/host-debug/host/frame_buffer.o
 .debug_macro   0x00000000000024df       0x97 build/starfighter/host-debug/host/frame_buffer.o
 .debug_macro   0x0000000000002576       0x52 build/starfighter/host-debug/host/frame_buffer.o
 .debug_macro   0x00000000000025c8       0x4c build/starfighter/host-debug/host/frame_buffer.o
 .debug_macro   0x0000000000002614       0x2e build/starfighter/host-debug/host/frame_buffer.o
 .debug_macro   0x0000000000002642       0x2e build/starfighter/host-debug/host/frame_buffer.o
 .debug_macro   0x0000000000002670       0x86 build/starfighter/host-debug/host/frame_buffer.o
 .debug_macro   0x00000000000026f6       0x28 build/starfighter/host-debug/host/frame_buffer.o
 .debug_macro   0x000000000000271e       0x10 build/starfighter/host-debug/host/frame_buffer.o
 .debug_macro   0x000000000000272e       0x12 build/starfighter/host-debug/host/frame_buffer.o
 .debug_macro   0x0000000000002740       0x10 build/starfighter/host-debug/host/frame_buffer.o
 .debug_macro   0x0000000000002750       0x86 build/starfighter/host-debug/host/frame_buffer.o
 .debug_macro   0x00000000000027d6       0x4c build/starfighter/host-debug/host/frame_buffer.o
 .debug_macro   0x0000000000002822       0x10 build/starfighter/host-debug/host/frame_buffer.o
 .debug_macro   0x0000000000002832       0x10 build/starfighter/host-debug/host/frame_buffer.o
 .debug_macro   0x0000000000002842       0x35 build/starfighter/host-debug/host/frame_buffer.o
 .debug_macro   0x0000000000002877       0x10 build/starfighter/host-debug/host/frame_buffer.o
 .debug_macro   0x0000000000002887       0x10 build/starfighter/host-debug/host/frame_buffer.o
 .debug_macro   0x0000000000002897       0x16 build/starfighter/host-debug/host/frame_buffer.o
 .debug_macro   0x00000000000028ad       0x10 build/starfighter/host-debug/host/frame_buffer.o
 .debug_macro   0x00000000000028bd      0x41a build/starfighter/host-debug/host/frame_buffer.o
 .debug_macro   0x0000000000002cd7      0x171 build/starfighter/host-debug/host/frame_buffer.o
 .debug_macro   0x0000000000002e48       0x10 build/starfighter/host-debug/host/frame_buffer.o
 .debug_macro   0x0000000000002e58      0x172 build/starfighter/host-debug/host/frame_buffer.o
 .debug_macro   0x0000000000002fca       0x22 build/starfighter/host-debug/host/frame_buffer.o
 .debug_macro   0x0000000000002fec       0x10 build/starfighter/host-debug/host/frame_buffer.o
 .debug_macro   0x0000000000002ffc       0x12 build/starfighter/host-debug/host/frame_buffer.o
 .debug_macro   0x000000000000300e       0x58 build/starfighter/host-debug/host/frame_buffer.o
 .debug_macro   0x0000000000003066       0x3c build/starfighter/host-debug/host/frame_buffer.o
 .debug_macro   0x00000000000030a2       0x43 build/starfighter/host-debug/host/frame_buffer.o
 .debug_macro   0x00000000000030e5       0xac build/starfighter/host-debug/host/frame_buffer.o
 .debug_macro   0x0000000000003191      0x1f5 build/starfighter/host-debug/host/frame_buffer.o
 .debug_macro   0x0000000000003386      0x183 build/starfighter/host-debug/host/frame_buffer.o
 .debug_macro   0x0000000000003509      0x10b build/starfighter/host-debug/host/frame_buffer.o
 .debug_macro   0x0000000000003614       0x5f build/starfighter/host-debug/host/frame_buffer.o
 .debug_macro   0x0000000000003673       0x5f build/starfighter/host-debug/host/frame_buffer.o
 .debug_macro   0x00000000000036d2       0x26 build/starfighter/host-debug/host/frame_buffer.o
 .debug_macro   0x00000000000036f8       0x16 build/starfighter/host-debug/host/frame_buffer.o
 .debug_macro   0x000000000000370e       0x1c build/starfighter/host-debug/host/frame_buffer.o
 .debug_macro   0x000000000000372a       0x3c build/starfighter/host-debug/host/frame_buffer.o
 .debug_macro   0x0000000000003766       0x1c build/starfighter/host-debug/host/frame_buffer.o
 .debug_macro   0x0000000000003782       0x3d build/starfighter/host-debug/host/frame_buffer.o
 .debug_macro   0x00000000000037bf       0xf1 build/starfighter/host-debug/host/frame_buffer.o
 .debug_macro   0x00000000000038b0       0xcc build/starfighter/host-debug/host/frame_buffer.o
 .debug_macro   0x000000000000397c       0x50 build/starfighter/host-debug/host/frame_buffer.o
 .debug_macro   0x00000000000039cc       0x5c build/starfighter/host-debug/host/frame_buffer.o
 .debug_macro   0x0000000000003a28       0x59 build/starfighter/host-debug/host/frame_buffer.o
 .debug_macro   0x0000000000003a81      0x299 build/starfighter/host-debug/host/frame_buffer.o
 .debug_macro   0x0000000000003d1a       0x3a build/starfighter/host-debug/host/frame_buffer.o
 .debug_macro   0x0000000000003d54       0x9e build/starfighter/host-debug/host/frame_buffer.o
 .debug_macro   0x0000000000003df2       0x7a build/starfighter/host-debug/host/frame_buffer.o
 .debug_macro   0x0000000000003e6c       0x3a build/starfighter/host-debug/host/frame_buffer.o
 .debug_macro   0x0000000000003ea6       0x46 build/starfighter/host-debug/host/frame_buffer.o
 .debug_macro   0x0000000000003eec       0x46 build/starfighter/host-debug/host/frame_buffer.o
 .debug_macro   0x0000000000003f32       0x46 build/starfighter/host-debug/host/frame_buffer.o
 .debug_macro   0x0000000000003f78      0x25c build/starfighter/host-debug/host/frame_buffer.o
 .debug_macro   0x00000000000041d4      0x1ef build/starfighter/host-debug/host/frame_buffer.o
 .debug_macro   0x00000000000043c3      0xf71 build/starfighter/host-debug/host/frame_buffer.o
 .debug_macro   0x0000000000005334      0x1e7 build/starfighter/host-debug/host/frame_buffer.o
 .debug_macro   0x000000000000551b      0x123 build/starfighter/host-debug/host/frame_buffer.o
 .debug_macro   0x000000000000563e       0xb3 build/starfighter/host-debug/host/frame_buffer.o
 .debug_macro   0x00000000000056f1      0x797 build/starfighter/host-debug/host/frame_buffer.o
 .debug_macro   0x0000000000005e88      0x1b6 build/starfighter/host-debug/host/frame_buffer.o
 .debug_macro   0x000000000000603e      0x38b build/starfighter/host-debug/host/frame_buffer.o
 .debug_macro   0x00000000000063c9      0x21e build/starfighter/host-debug/host/frame_buffer.o
 .debug_macro   0x00000000000065e7      0x1f4 build/starfighter/host-debug/host/frame_buffer.o
 .debug_macro   0x00000000000067db       0xa6 build/starfighter/host-debug/host/frame_buffer.o
 .debug_macro   0x0000000000006881       0xc0 build/starfighter/host-debug/host/frame_buffer.o
 .debug_macro   0x0000000000006941       0xc0 build/starfighter/host-debug/host/frame_buffer.o
 .debug_macro   0x0000000000006a01       0xcd build/starfighter/host-debug/host/frame_buffer.o
 .debug_macro   0x0000000000006ace       0xb3 build/starfighter/host-debug/host/frame_buffer.o
 .debug_macro   0x0000000000006b81       0xb3 build/starfighter/host-debug/host/frame_buffer.o
 .debug_macro   0x0000000000006c34       0xa6 build/starfighter/host-debug/host/frame_buffer.o
 .debug_macro   0x0000000000006cda      0x1f5 build/starfighter/host-debug/host/frame_buffer.o
 .debug_macro   0x0000000000006ecf      0x28e build/starfighter/host-debug/host/frame_buffer.o
 .debug_macro   0x000000000000715d       0xb3 build/starfighter/host-debug/host/frame_buffer.o
 .debug_macro   0x0000000000007210       0xc0 build/starfighter/host-debug/host/frame_buffer.o
 .debug_macro   0x00000000000072d0       0xc0 build/starfighter/host-debug/host/frame_buffer.o
 .debug_macro   0x0000000000007390      0x2d5 build/starfighter/host-debug/host/frame_buffer.o
 .debug_macro   0x0000000000007665       0x40 build/starfighter/host-debug/host/frame_buffer.o
 .debug_macro   0x00000000000076a5       0x3a build/starfighter/host-debug/host/frame_buffer.o
 .debug_macro   0x00000000000076df       0x3e build/starfighter/host-debug/host/frame_buffer.o
 .debug_macro   0x000000000000771d       0x3a build/starfighter/host-debug/host/frame_buffer.o
 .debug_macro   0x0000000000007757       0x99 build/starfighter/host-debug/host/frame_buffer.o
 .debug_macro   0x00000000000077f0       0xa0 build/starfighter/host-debug/host/frame_buffer.o
 .debug_macro   0x0000000000007890       0x70 build/starfighter/host-debug/host/frame_buffer.o
 .debug_macro   0x0000000000007900       0x3a build/starfighter/host-debug/host/frame_buffer.o
 .debug_macro   0x000000000000793a       0x3a build/starfighter/host-debug/host/frame_buffer.o
 .debug_macro   0x0000000000007974      0x384 build/starfighter/host-debug/host/frame_buffer.o
 .debug_macro   0x0000000000007cf8      0x12a build/starfighter/host-debug/host/frame_buffer.o
 .debug_macro   0x0000000000007e22      0x136 build/starfighter/host-debug/host/frame_buffer.o
 .debug_macro   0x0000000000007f58       0x6a build/starfighter/host-debug/host/frame_buffer.o
 .debug_macro   0x0000000000007fc2       0x8c build/starfighter/host-debug/host/frame_buffer.o
 .debug_macro   0x000000000000804e       0x46 build/starfighter/host-debug/host/frame_buffer.o
 .debug_macro   0x0000000000008094       0x3a build/starfighter/host-debug/host/frame_buffer.o
 .debug_macro   0x00000000000080ce       0x3a build/starfighter/host-debug/host/frame_buffer.o
 .debug_macro   0x0000000000008108       0x3a build/starfighter/host-debug/host/frame_buffer.o
 .debug_macro   0x0000000000008142       0x3a build/starfighter/host-debug/host/frame_buffer.o
 .debug_macro   0x000000000000817c       0x3a build/starfighter/host-debug/host/frame_buffer.o
 .debug_macro   0x00000000000081b6       0x3a build/starfighter/host-debug/host/frame_buffer.o
 .debug_macro   0x00000000000081f0       0x3a build/starfighter/host-debug/host/frame_buffer.o
 .debug_macro   0x000000000000822a      0x11c build/starfighter/host-debug/host/frame_buffer.o
 .debug_macro   0x0000000000008346       0x6b build/starfighter/host-debug/host/frame_buffer.o
 .debug_macro   0x00000000000083b1       0x44 build/starfighter/host-debug/host/frame_buffer.o
 .debug_macro   0x00000000000083f5       0x3c build/starfighter/host-debug/host/frame_buffer.o
 .debug_macro   0x0000000000008431       0x2c build/starfighter/host-debug/host/frame_buffer.o
 .debug_macro   0x000000000000845d       0x51 build/starfighter/host-debug/host/frame_buffer.o
 .debug_macro   0x00000000000084ae       0x51 build/starfighter/host-debug/host/frame_buffer.o
 .debug_macro   0x00000000000084ff       0x10 build/starfighter/host-debug/host/frame_buffer.o
 .debug_macro   0x000000000000850f       0x10 build/starfighter/host-debug/host/frame_buffer.o
 .debug_macro   0x000000000000851f       0x41 build/starfighter/host-debug/host/frame_buffer.o
 .debug_macro   0x0000000000008560       0x90 build/starfighter/host-debug/host/frame_buffer.o
 .debug_macro   0x00000000000085f0      0x24b build/starfighter/host-debug/host/frame_buffer.o
 .debug_macro   0x000000000000883b       0x1c build/starfighter/host-debug/host/frame_buffer.o
 .debug_macro   0x0000000000008857       0x2e build/starfighter/host-debug/host/frame_buffer.o
 .debug_macro   0x0000000000008885       0x40 build/starfighter/host-debug/host/frame_buffer.o
 .debug_macro   0x00000000000088c5      0x16a build/starfighter/host-debug/host/frame_buffer.o
 .debug_macro   0x0000000000008a2f       0x23 build/starfighter/host-debug/host/frame_buffer.o
 .debug_macro   0x0000000000008a52      0x181 build/starfighter/host-debug/host/timer.o
 .debug_macro   0x0000000000008bd3       0x16 build/starfighter/host-debug/host/timer.o
 .debug_macro   0x0000000000008be9       0x97 build/starfighter/host-debug/host/timer.o
 .debug_macro   0x0000000000008c80       0x58 build/starfighter/host-debug/host/timer.o
 .debug_macro   0x0000000000008cd8       0x1a build/starfighter/host-debug/src/Bullet.o
 .debug_macro   0x0000000000008cf2       0x1a build/starfighter/host-debug/src/explosion1.o
 .debug_macro   0x0000000000008d0c       0x1a build/starfighter/host-debug/src/explosion2.o
 .debug_macro   0x0000000000008d26       0x1a build/starfighter/host-debug/src/explosion3.o
 .debug_macro   0x0000000000008d40       0x1a build/starfighter/host-debug/src/font.o
 .debug_macro   0x0000000000008d5a       0x1a build/starfighter/host-debug/src/GameOverScreen.o
 .debug_macro   0x0000000000008d74       0x1a build/starfighter/host-debug/src/HealthPickup.o
 .debug_macro   0x0000000000008d8e       0x1a build/starfighter/host-debug/src/KusInt.o
 .debug_macro   0x0000000000008da8      0x393 build/starfighter/host-debug/src/main.o
 .debug_macro   0x000000000000913b       0x16 build/starfighter/host-debug/src/main.o
 .debug_macro   0x0000000000009151       0x16 build/starfighter/host-debug/src/main.o
 .debug_macro   0x0000000000009167       0x16 build/starfighter/host-debug/src/main.o
 .debug_macro   0x000000000000917d       0x16 build/starfighter/host-debug/src/main.o
 .debug_macro   0x0000000000009193       0x16 build/starfighter/host-debug/src/main.o
 .debug_macro   0x00000000000091a9       0x16 build/starfighter/host-debug/src/main.o
 .debug_macro   0x00000000000091bf       0x16 build/starfighter/host-debug/src/main.o
 .debug_macro   0x00000000000091d5       0x16 build/starfighter/host-debug/src/main.o
 .debug_macro   0x00000000000091eb       0x16 build/starfighter/host-debug/src/main.o
 .debug_macro   0x0000000000009201       0x16 build/starfighter/host-debug/src/main.o
 .debug_macro   0x0000000000009217       0x16 build/starfighter/host-debug/src/main.o
 .debug_macro   0x000000000000922d       0x16 build/starfighter/host-debug/src/main.o
 .debug_macro   0x0000000000009243       0x16 build/starfighter/host-debug/src/main.o
 .debug_macro   0x0000000000009259       0x16 build/starfighter/host-debug/src/main.o
 .debug_macro   0x000000000000926f       0x16 build/starfighter/host-debug/src/main.o
 .debug_macro   0x0000000000009285       0x16 build/starfighter/host-debug/src/main.o
 .debug_macro   0x000000000000929b       0x16 build/starfighter/host-debug/src/main.o
 .debug_macro   0x00000000000092b1      0x10e build/starfighter/host-debug/src/main.o
 .debug_macro   0x00000000000093bf       0x52 build/starfighter/host-debug/src/main.o
 .debug_macro   0x0000000000009411       0x1a build/starfighter/host-debug/src/Missile.o
 .debug_macro   0x000000000000942b       0x1a build/starfighter/host-debug/src/RedBullet.o
 .debug_macro   0x0000000000009445       0x1a build/starfighter/host-debug/src/Rocket.o
 .debug_macro   0x000000000000945f       0x1a build/starfighter/host-debug/src/RocketPickup.o
 .debug_macro   0x0000000000009479       0x1a build/starfighter/host-debug/src/ShieldPickup.o
 .debug_macro   0x0000000000009493       0x1a build/starfighter/host-debug/src/ShotgunPickup.o
 .debug_macro   0x00000000000094ad       0x27 build/starfighter/host-debug/src/text.o
 .debug_macro   0x00000000000094d4       0x1a build/starfighter/host-debug/src/title.o
 .debug_macro   0x00000000000094ee       0x1a build/starfighter/host-debug/src/TurCorv.o
 .debug_macro   0x0000000000009508       0x1a build/starfighter/host-debug/src/TurInt.o
 .debug_macro   0x0000000000009522       0x1a build/starfighter/host-debug/src/TurMissCorv.o

.debug_addr
 *(.debug_addr)

.gnu.attributes
 *(.gnu.attributes)

/DISCARD/
 *(.note.GNU-stack)
 *(.gnu_debuglink)
 *(.gnu.lto_*)
OUTPUT(build/starfighter/host-debug/starfighter elf64-x86-64)
